// Jest Snapshot v1, https://goo.gl/fbAQLP

exports[`test-ali 1`] = `
Object {
  "staticAliDir": Array [
    "/Users/didi/Desktop/work/mpx-cli/packages/test/test-ali/static/ali",
  ],
  "staticWxDir": Array [],
}
`;

exports[`test-plugin-combine 1`] = `
Object {
  "dependencies": Object {
    "@mpxjs/api-proxy": "^2.8.0",
    "@mpxjs/core": "^2.8.0",
    "@mpxjs/fetch": "^2.8.0",
    "@mpxjs/pinia": "^2.8.0",
    "@mpxjs/store": "^2.8.0",
    "@mpxjs/utils": "^2.8.0",
    "pinia": "^2.0.14",
    "vue": "^2.6.14",
    "vue-demi": "^0.13.11",
    "vue-i18n": "^8.27.2",
    "vue-i18n-bridge": "^9.2.2",
    "vue-router": "^3.1.3",
  },
  "devDependencies": Object {
    "@babel/core": "^7.10.4",
    "@babel/plugin-transform-runtime": "^7.10.4",
    "@babel/preset-env": "^7.10.4",
    "@babel/runtime-corejs3": "^7.10.4",
    "@mpxjs/babel-plugin-inject-page-events": "^2.8.0",
    "@mpxjs/eslint-config": "^1.0.5",
    "@mpxjs/miniprogram-simulate": "^1.4.17",
    "@mpxjs/mpx-cli-service": "^2.0.0",
    "@mpxjs/mpx-jest": "^0.0.24",
    "@mpxjs/size-report": "^2.8.0",
    "@mpxjs/vue-cli-plugin-mpx": "^2.0.0",
    "@mpxjs/vue-cli-plugin-mpx-e2e-test": "^2.0.0",
    "@mpxjs/vue-cli-plugin-mpx-eslint": "^2.0.0",
    "@mpxjs/vue-cli-plugin-mpx-typescript": "^2.0.0",
    "@mpxjs/vue-cli-plugin-mpx-unit-test": "^2.0.0",
    "@mpxjs/webpack-plugin": "^2.8.0",
    "@vue/cli-service": "latest",
    "autoprefixer": "^10.2.4",
    "babel-jest": "^27.4.5",
    "eslint": "^7.0.0",
    "jest": "^27.4.5",
    "postcss": "^8.2.6",
    "stylus": "^0.55.0",
    "stylus-loader": "^6.1.0",
    "typescript": "^4.1.3",
    "vue-template-compiler": "^2.6.14",
    "webpack": "^5.43.0",
  },
  "name": "test-plugin-combine",
  "private": true,
  "scripts": Object {
    "build": "mpx-cli-service build",
    "build:e2e": "npm run build && npm run test:e2e",
    "lint": "eslint --ext .js,.ts,.mpx src/",
    "serve": "mpx-cli-service serve",
    "test": "jest test/components",
    "test:e2e": "npx e2e-runner j---config=./jest-e2e.config.js",
  },
  "version": "0.1.0",
}
`;

exports[`test-wx 1`] = `
Object {
  "staticAliDir": true,
  "staticDdDir": true,
  "staticQqDir": false,
  "staticSwanDir": true,
  "staticTtDir": true,
  "staticWxDir": true,
}
`;

exports[`test-wx 2`] = `
Object {
  "appid": "test-plugin-have-appid",
  "condition": Object {},
  "description": "test-plugin-have-description",
  "projectname": "test-wx",
  "setting": Object {
    "autoAudits": false,
    "checkSiteMap": false,
    "es6": false,
    "minified": false,
    "newFeature": true,
    "postcss": true,
    "urlCheck": true,
  },
}
`;
